// Jest Snapshot v1, https://goo.gl/fbAQLP

exports[`vue-dataset can converte template 1`] = `"<template><div data-test=\\"test\\" ></div><input data-test=\\"test\\"  /></template>"`;
